>>> [conftest] Set GOOGLE_GENAI_MODEL=mock/pytest
============================= test session starts =============================
platform win32 -- Python 3.11.9, pytest-9.0.2, pluggy-1.6.0 -- C:\Users\zxy19\AppData\Local\Microsoft\WindowsApps\PythonSoftwareFoundation.Python.3.11_qbz5n2kfra8p0\python.exe
cachedir: .pytest_cache
rootdir: D:\MyProject\context_pilot
configfile: pyproject.toml
plugins: anyio-4.12.0, asyncio-1.3.0
asyncio: mode=Mode.AUTO, debug=False, asyncio_default_fixture_loop_scope=function, asyncio_default_test_loop_scope=function
collecting ... collected 0 items / 1 error

=================================== ERRORS ====================================
________ ERROR collecting test/integration/test_context_pilot_plan.py _________
ImportError while importing test module 'D:\MyProject\context_pilot\test\integration\test_context_pilot_plan.py'.
Hint: make sure your test modules/packages have valid Python names.
Traceback:
C:\Program Files\WindowsApps\PythonSoftwareFoundation.Python.3.11_3.11.2544.0_x64__qbz5n2kfra8p0\Lib\importlib\__init__.py:126: in import_module
    return _bootstrap._gcd_import(name[level:], package, level)
           ^^^^^^^^^^^^^^^^^^^^^^^^^^^^^^^^^^^^^^^^^^^^^^^^^^^^
test\integration\test_context_pilot_plan.py:8: in <module>
    from bug_sleuth.bug_scene_app.agent import context_pilot_agent
bug_sleuth\bug_scene_app\__init__.py:1: in <module>
    from .app import app
bug_sleuth\bug_scene_app\app.py:8: in <module>
    from bug_sleuth.bug_scene_app.agent import context_pilot_agent
bug_sleuth\bug_scene_app\agent.py:22: in <module>
    from .llama_rag_tool import retrieve_rag_documentation_tool, initialize_rag_tool
bug_sleuth\bug_scene_app\llama_rag_tool.py:8: in <module>
    from llama_index.embeddings.gemini import GeminiEmbedding
E   ModuleNotFoundError: No module named 'llama_index.embeddings.gemini'
------------------------------- Captured stdout -------------------------------
2026-01-24 13:29:39,989 - bug_sleuth.shared_libraries.constants - INFO - Model configured: model='mock/pytest' (line:93)
2026-01-24 13:29:40,008 - bug_sleuth.bug_scene_app.bug_analyze_agent.agent - INFO - Using VisualLlmAgent (ADK-Web mode: backend renders tool visualization) (line:303)
============================== warnings summary ===============================
C:\Users\zxy19\AppData\Local\Packages\PythonSoftwareFoundation.Python.3.11_qbz5n2kfra8p0\LocalCache\local-packages\Python311\site-packages\llama_index\llms\gemini\base.py:21
  C:\Users\zxy19\AppData\Local\Packages\PythonSoftwareFoundation.Python.3.11_qbz5n2kfra8p0\LocalCache\local-packages\Python311\site-packages\llama_index\llms\gemini\base.py:21: FutureWarning: 
  
  All support for the `google.generativeai` package has ended. It will no longer be receiving 
  updates or bug fixes. Please switch to the `google.genai` package as soon as possible.
  See README for more details:
  
  https://github.com/google-gemini/deprecated-generative-ai-python/blob/main/README.md
  
    import google.generativeai as genai

-- Docs: https://docs.pytest.org/en/stable/how-to/capture-warnings.html
=========================== short test summary info ===========================
ERROR test/integration/test_context_pilot_plan.py
!!!!!!!!!!!!!!!!!!! Interrupted: 1 error during collection !!!!!!!!!!!!!!!!!!!!
========================= 1 warning, 1 error in 3.79s =========================
